test-count: 18
test.0.spec: seqlen:32;bs:1;dim:128;hiddendim:128;seed:9371;nomask:true;distribution:normal
test.0.status: pass
test.0.message: Maximum error: 0.012488603591918945
test.1.spec: seqlen:32;bs:1;dim:128;hiddendim:128;seed:1092;nomask:false;distribution:normal
test.1.status: pass
test.1.message: Maximum error: 0.01271069049835205
test.2.spec: seqlen:64;bs:2;dim:256;hiddendim:128;seed:2291;nomask:true;distribution:normal
test.2.status: pass
test.2.message: Maximum error: 0.01437067985534668
test.3.spec: seqlen:64;bs:2;dim:256;hiddendim:128;seed:210284;nomask:false;distribution:normal
test.3.status: pass
test.3.message: Maximum error: 0.008948683738708496
test.4.spec: seqlen:128;bs:1;dim:768;hiddendim:128;seed:81934;nomask:true;distribution:normal
test.4.status: pass
test.4.message: Maximum error: 0.0068130046129226685
test.5.spec: seqlen:256;bs:1;dim:128;hiddendim:128;seed:1932;nomask:true;distribution:normal
test.5.status: pass
test.5.message: Maximum error: 0.01058540865778923
test.6.spec: seqlen:256;bs:1;dim:128;hiddendim:128;seed:10432;nomask:false;distribution:normal
test.6.status: pass
test.6.message: Maximum error: 0.010681509971618652
test.7.spec: seqlen:768;bs:2;dim:128;hiddendim:128;seed:731;nomask:true;distribution:normal
test.7.status: pass
test.7.message: Maximum error: 0.01054537296295166
test.8.spec: seqlen:1024;bs:1;dim:384;hiddendim:128;seed:53121;nomask:false;distribution:normal
test.8.status: pass
test.8.message: Maximum error: 0.00828629732131958
test.9.spec: seqlen:1024;bs:1;dim:768;hiddendim:128;seed:31;nomask:true;distribution:normal
test.9.status: pass
test.9.message: Maximum error: 0.008047059178352356
test.10.spec: seqlen:1024;bs:1;dim:768;hiddendim:128;seed:4921;nomask:false;distribution:normal
test.10.status: pass
test.10.message: Maximum error: 0.006985217332839966
test.11.spec: seqlen:32;bs:1;dim:128;hiddendim:128;seed:937321;nomask:true;distribution:cauchy
test.11.status: pass
test.11.message: Maximum error: 0.015401244163513184
test.12.spec: seqlen:64;bs:2;dim:256;hiddendim:128;seed:2291;nomask:true;distribution:cauchy
test.12.status: pass
test.12.message: Maximum error: 0.011689066886901855
test.13.spec: seqlen:128;bs:1;dim:768;hiddendim:128;seed:8134;nomask:true;distribution:cauchy
test.13.status: pass
test.13.message: Maximum error: 0.007028460502624512
test.14.spec: seqlen:256;bs:1;dim:128;hiddendim:128;seed:932;nomask:true;distribution:cauchy
test.14.status: pass
test.14.message: Maximum error: 0.010613322257995605
test.15.spec: seqlen:768;bs:2;dim:128;hiddendim:128;seed:31;nomask:true;distribution:cauchy
test.15.status: pass
test.15.message: Maximum error: 0.009184598922729492
test.16.spec: seqlen:1024;bs:1;dim:384;hiddendim:128;seed:5321;nomask:false;distribution:cauchy
test.16.status: pass
test.16.message: Maximum error: 0.007893204689025879
test.17.spec: seqlen:1024;bs:1;dim:768;hiddendim:128;seed:491;nomask:false;distribution:cauchy
test.17.status: pass
test.17.message: Maximum error: 0.008964955806732178
check: pass
benchmark-count: 7
benchmark.0.spec: seqlen:256;bs:2;dim:128;hiddendim:128;seed:9371;nomask:true;distribution:normal
benchmark.0.runs: 100
benchmark.0.mean: 2417672.6961135864
benchmark.0.std: 34888.88047234393
benchmark.0.err: 3488.888047234393
benchmark.0.best: 2347875.1182556152
benchmark.0.worst: 2489799.976348877
benchmark.1.spec: seqlen:768;bs:1;dim:128;hiddendim:128;seed:381;nomask:true;distribution:cauchy
benchmark.1.runs: 53
benchmark.1.mean: 10552203.430319732
benchmark.1.std: 123108.17135736404
benchmark.1.err: 16910.20784433937
benchmark.1.best: 10416199.684143066
benchmark.1.worst: 10822446.823120117
benchmark.2.spec: seqlen:256;bs:2;dim:384;hiddendim:128;seed:2301;nomask:false;distribution:normal
benchmark.2.runs: 100
benchmark.2.mean: 3942612.6050949097
benchmark.2.std: 47453.21180870338
benchmark.2.err: 4745.321180870338
benchmark.2.best: 3784794.0921783447
benchmark.2.worst: 4039295.196533203
benchmark.3.spec: seqlen:512;bs:1;dim:128;hiddendim:128;seed:12819;nomask:true;distribution:normal
benchmark.3.runs: 58
benchmark.3.mean: 5002850.918934263
benchmark.3.std: 37942.627054115364
benchmark.3.err: 4982.111011802692
benchmark.3.best: 4925795.078277588
benchmark.3.worst: 5117633.819580078
benchmark.4.spec: seqlen:1024;bs:1;dim:128;hiddendim:128;seed:381;nomask:true;distribution:cauchy
benchmark.4.runs: 30
benchmark.4.mean: 17876403.363545734
benchmark.4.std: 176169.2773460945
benchmark.4.err: 32163.962380613266
benchmark.4.best: 17621635.43701172
benchmark.4.worst: 18082647.3236084
benchmark.5.spec: seqlen:768;bs:1;dim:384;hiddendim:128;seed:481;nomask:false;distribution:normal
benchmark.5.runs: 4
benchmark.5.mean: 13554499.864578247
benchmark.5.std: 19938.803560567147
benchmark.5.err: 9969.401780283573
benchmark.5.best: 13525373.458862305
benchmark.5.worst: 13570476.531982422
benchmark.6.spec: seqlen:1024;bs:1;dim:384;hiddendim:128;seed:23291;nomask:true;distribution:normal
benchmark.6.runs: 100
benchmark.6.mean: 22956168.041229248
benchmark.6.std: 327657.2245705917
benchmark.6.err: 32765.72245705917
benchmark.6.best: 22668872.833251953
benchmark.6.worst: 24497079.849243164
geometric-mean: 8336.826563559534
check: pass
