test-count: 18
test.0.spec: seqlen:32;bs:1;dim:128;hiddendim:128;seed:9371;nomask:true;distribution:normal
test.0.status: pass
test.0.message: Maximum error: 0.0033092498779296875
test.1.spec: seqlen:32;bs:1;dim:128;hiddendim:128;seed:1092;nomask:false;distribution:normal
test.1.status: pass
test.1.message: Maximum error: 0.003106832504272461
test.2.spec: seqlen:64;bs:2;dim:256;hiddendim:128;seed:2291;nomask:true;distribution:normal
test.2.status: pass
test.2.message: Maximum error: 0.0024085044860839844
test.3.spec: seqlen:64;bs:2;dim:256;hiddendim:128;seed:210284;nomask:false;distribution:normal
test.3.status: pass
test.3.message: Maximum error: 0.002425074577331543
test.4.spec: seqlen:128;bs:1;dim:768;hiddendim:128;seed:81934;nomask:true;distribution:normal
test.4.status: pass
test.4.message: Maximum error: 0.0012355875223875046
test.5.spec: seqlen:256;bs:1;dim:128;hiddendim:128;seed:1932;nomask:true;distribution:normal
test.5.status: pass
test.5.message: Maximum error: 0.0028955936431884766
test.6.spec: seqlen:256;bs:1;dim:128;hiddendim:128;seed:10432;nomask:false;distribution:normal
test.6.status: pass
test.6.message: Maximum error: 0.0035848617553710938
test.7.spec: seqlen:768;bs:2;dim:128;hiddendim:128;seed:731;nomask:true;distribution:normal
test.7.status: pass
test.7.message: Maximum error: 0.003610968589782715
test.8.spec: seqlen:1024;bs:1;dim:384;hiddendim:128;seed:53121;nomask:false;distribution:normal
test.8.status: pass
test.8.message: Maximum error: 0.0024355649948120117
test.9.spec: seqlen:1024;bs:1;dim:768;hiddendim:128;seed:31;nomask:true;distribution:normal
test.9.status: pass
test.9.message: Maximum error: 0.0022219419479370117
test.10.spec: seqlen:1024;bs:1;dim:768;hiddendim:128;seed:4921;nomask:false;distribution:normal
test.10.status: pass
test.10.message: Maximum error: 0.0014200210571289062
test.11.spec: seqlen:32;bs:1;dim:128;hiddendim:128;seed:937321;nomask:true;distribution:cauchy
test.11.status: pass
test.11.message: Maximum error: 0.0027751922607421875
test.12.spec: seqlen:64;bs:2;dim:256;hiddendim:128;seed:2291;nomask:true;distribution:cauchy
test.12.status: pass
test.12.message: Maximum error: 0.0018422603607177734
test.13.spec: seqlen:128;bs:1;dim:768;hiddendim:128;seed:8134;nomask:true;distribution:cauchy
test.13.status: pass
test.13.message: Maximum error: 0.002885103225708008
test.14.spec: seqlen:256;bs:1;dim:128;hiddendim:128;seed:932;nomask:true;distribution:cauchy
test.14.status: pass
test.14.message: Maximum error: 0.0026743412017822266
test.15.spec: seqlen:768;bs:2;dim:128;hiddendim:128;seed:31;nomask:true;distribution:cauchy
test.15.status: pass
test.15.message: Maximum error: 0.0033159255981445312
test.16.spec: seqlen:1024;bs:1;dim:384;hiddendim:128;seed:5321;nomask:false;distribution:cauchy
test.16.status: pass
test.16.message: Maximum error: 0.0017211437225341797
test.17.spec: seqlen:1024;bs:1;dim:768;hiddendim:128;seed:491;nomask:false;distribution:cauchy
test.17.status: pass
test.17.message: Maximum error: 0.002305150032043457
check: pass
benchmark-count: 7
benchmark.0.spec: seqlen:256;bs:2;dim:128;hiddendim:128;seed:9371;nomask:true;distribution:normal
benchmark.0.runs: 100
benchmark.0.mean: 788632.241487503
benchmark.0.std: 27541.888815974355
benchmark.0.err: 2754.1888815974353
benchmark.0.best: 752476.9902229309
benchmark.0.worst: 912241.9953346252
benchmark.1.spec: seqlen:768;bs:1;dim:128;hiddendim:128;seed:381;nomask:true;distribution:cauchy
benchmark.1.runs: 53
benchmark.1.mean: 2888962.700681866
benchmark.1.std: 31529.672450693524
benchmark.1.err: 4330.933588944707
benchmark.1.best: 2825567.9607391357
benchmark.1.worst: 2978156.089782715
benchmark.2.spec: seqlen:256;bs:2;dim:384;hiddendim:128;seed:2301;nomask:false;distribution:normal
benchmark.2.runs: 100
benchmark.2.mean: 1181552.7701377869
benchmark.2.std: 15168.134040899577
benchmark.2.err: 1516.8134040899577
benchmark.2.best: 1149381.9952011108
benchmark.2.worst: 1212486.982345581
benchmark.3.spec: seqlen:512;bs:1;dim:128;hiddendim:128;seed:12819;nomask:true;distribution:normal
benchmark.3.runs: 99
benchmark.3.mean: 1335086.3239981912
benchmark.3.std: 13216.002952501145
benchmark.3.err: 1328.2582733841048
benchmark.3.best: 1291828.0363082886
benchmark.3.worst: 1366678.9531707764
benchmark.4.spec: seqlen:1024;bs:1;dim:128;hiddendim:128;seed:381;nomask:true;distribution:cauchy
benchmark.4.runs: 30
benchmark.4.mean: 4900495.8152771
benchmark.4.std: 27038.693291663774
benchmark.4.err: 4936.567413769287
benchmark.4.best: 4840205.192565918
benchmark.4.worst: 4949132.919311523
benchmark.5.spec: seqlen:768;bs:1;dim:384;hiddendim:128;seed:481;nomask:false;distribution:normal
benchmark.5.runs: 3
benchmark.5.mean: 4574666.500091553
benchmark.5.std: 7427.316799292044
benchmark.5.err: 4288.163353427892
benchmark.5.best: 4568466.1865234375
benchmark.5.worst: 4582898.139953613
benchmark.6.spec: seqlen:1024;bs:1;dim:384;hiddendim:128;seed:23291;nomask:true;distribution:normal
benchmark.6.runs: 59
benchmark.6.mean: 7969647.148908195
benchmark.6.std: 61044.226035827494
benchmark.6.err: 7947.281309271637
benchmark.6.best: 7863502.979278564
benchmark.6.worst: 8123297.691345215
geometric-mean: 2518.188362692127
check: pass
