test-count: 4
test.0.spec: batchsize:128;dim:7168;dq:1536;prefill:128;seed:9247
test.0.status: pass
test.1.spec: batchsize:128;dim:7168;dq:1536;prefill:512;seed:2197
test.1.status: pass
test.2.spec: batchsize:128;dim:7168;dq:1536;prefill:1024;seed:9107
test.2.status: pass
test.3.spec: batchsize:128;dim:7168;dq:1536;prefill:2048;seed:5291
test.3.status: pass
check: pass
benchmark-count: 1
benchmark.0.spec: batchsize:128;dim:7168;dq:1536;prefill:6144;seed:5291
benchmark.0.runs: 4
benchmark.0.mean: 1678867.0
benchmark.0.std: 30215.166291119433
benchmark.0.err: 15107.583145559716
benchmark.0.best: 1658858.0
benchmark.0.worst: 1723457.0
geometric-mean: 1678.8669999999997
check: pass
