test-count: 18
test.0.spec: seqlen:32;bs:1;dim:128;hiddendim:128;seed:9371;nomask:true;distribution:normal
test.0.status: pass
test.0.message: Maximum error: 0.003537893295288086
test.1.spec: seqlen:32;bs:1;dim:128;hiddendim:128;seed:1092;nomask:false;distribution:normal
test.1.status: pass
test.1.message: Maximum error: 0.00342404842376709
test.2.spec: seqlen:64;bs:2;dim:256;hiddendim:128;seed:2291;nomask:true;distribution:normal
test.2.status: pass
test.2.message: Maximum error: 0.0026983022689819336
test.3.spec: seqlen:64;bs:2;dim:256;hiddendim:128;seed:210284;nomask:false;distribution:normal
test.3.status: pass
test.3.message: Maximum error: 0.003632068634033203
test.4.spec: seqlen:128;bs:1;dim:768;hiddendim:128;seed:81934;nomask:true;distribution:normal
test.4.status: pass
test.4.message: Maximum error: 0.002114534378051758
test.5.spec: seqlen:256;bs:1;dim:128;hiddendim:128;seed:1932;nomask:true;distribution:normal
test.5.status: pass
test.5.message: Maximum error: 0.0031391382217407227
test.6.spec: seqlen:256;bs:1;dim:128;hiddendim:128;seed:10432;nomask:false;distribution:normal
test.6.status: pass
test.6.message: Maximum error: 0.0025444626808166504
test.7.spec: seqlen:768;bs:2;dim:128;hiddendim:128;seed:731;nomask:true;distribution:normal
test.7.status: pass
test.7.message: Maximum error: 0.0043572187423706055
test.8.spec: seqlen:1024;bs:1;dim:384;hiddendim:128;seed:53121;nomask:false;distribution:normal
test.8.status: pass
test.8.message: Maximum error: 0.002711772918701172
test.9.spec: seqlen:1024;bs:1;dim:768;hiddendim:128;seed:31;nomask:true;distribution:normal
test.9.status: pass
test.9.message: Maximum error: 0.0026625394821166992
test.10.spec: seqlen:1024;bs:1;dim:768;hiddendim:128;seed:4921;nomask:false;distribution:normal
test.10.status: pass
test.10.message: Maximum error: 0.0018093585968017578
test.11.spec: seqlen:32;bs:1;dim:128;hiddendim:128;seed:937321;nomask:true;distribution:cauchy
test.11.status: pass
test.11.message: Maximum error: 0.0022579431533813477
test.12.spec: seqlen:64;bs:2;dim:256;hiddendim:128;seed:2291;nomask:true;distribution:cauchy
test.12.status: pass
test.12.message: Maximum error: 0.0027556419372558594
test.13.spec: seqlen:128;bs:1;dim:768;hiddendim:128;seed:8134;nomask:true;distribution:cauchy
test.13.status: pass
test.13.message: Maximum error: 0.0014109611511230469
test.14.spec: seqlen:256;bs:1;dim:128;hiddendim:128;seed:932;nomask:true;distribution:cauchy
test.14.status: pass
test.14.message: Maximum error: 0.0051877498626708984
test.15.spec: seqlen:768;bs:2;dim:128;hiddendim:128;seed:31;nomask:true;distribution:cauchy
test.15.status: pass
test.15.message: Maximum error: 0.0036585330963134766
test.16.spec: seqlen:1024;bs:1;dim:384;hiddendim:128;seed:5321;nomask:false;distribution:cauchy
test.16.status: pass
test.16.message: Maximum error: 0.003933429718017578
test.17.spec: seqlen:1024;bs:1;dim:768;hiddendim:128;seed:491;nomask:false;distribution:cauchy
test.17.status: pass
test.17.message: Maximum error: 0.0019789934158325195
check: pass
benchmark-count: 7
benchmark.0.spec: seqlen:256;bs:2;dim:128;hiddendim:128;seed:9371;nomask:true;distribution:normal
benchmark.0.runs: 100
benchmark.0.mean: 1018797.5281476974
benchmark.0.std: 16214.844426980251
benchmark.0.err: 1621.484442698025
benchmark.0.best: 992384.0165138245
benchmark.0.worst: 1054646.0151672363
benchmark.1.spec: seqlen:768;bs:1;dim:128;hiddendim:128;seed:381;nomask:true;distribution:cauchy
benchmark.1.runs: 3
benchmark.1.mean: 8264614.105224609
benchmark.1.std: 13911.248234093518
benchmark.1.err: 8031.662912717599
benchmark.1.best: 8251343.727111816
benchmark.1.worst: 8279088.020324707
benchmark.2.spec: seqlen:256;bs:2;dim:384;hiddendim:128;seed:2301;nomask:false;distribution:normal
benchmark.2.runs: 100
benchmark.2.mean: 1425105.2403450012
benchmark.2.std: 19856.08930639586
benchmark.2.err: 1985.608930639586
benchmark.2.best: 1384037.971496582
benchmark.2.worst: 1477010.0116729736
benchmark.3.spec: seqlen:512;bs:1;dim:128;hiddendim:128;seed:12819;nomask:true;distribution:normal
benchmark.3.runs: 97
benchmark.3.mean: 2064931.1100084756
benchmark.3.std: 20211.71769395307
benchmark.3.err: 2052.1890051318564
benchmark.3.best: 2027384.9964141846
benchmark.3.worst: 2115263.9389038086
benchmark.4.spec: seqlen:1024;bs:1;dim:128;hiddendim:128;seed:381;nomask:true;distribution:cauchy
benchmark.4.runs: 30
benchmark.4.mean: 14864569.12358602
benchmark.4.std: 185259.61476888682
benchmark.4.err: 33823.62333454551
benchmark.4.best: 14601592.063903809
benchmark.4.worst: 15123984.336853027
benchmark.5.spec: seqlen:768;bs:1;dim:384;hiddendim:128;seed:481;nomask:false;distribution:normal
benchmark.5.runs: 27
benchmark.5.mean: 10056063.404789677
benchmark.5.std: 52246.92774946638
benchmark.5.err: 10054.925933495113
benchmark.5.best: 9935345.649719238
benchmark.5.worst: 10128787.994384766
benchmark.6.spec: seqlen:1024;bs:1;dim:384;hiddendim:128;seed:23291;nomask:true;distribution:normal
benchmark.6.runs: 15
benchmark.6.mean: 18148638.916015625
benchmark.6.std: 69065.21151040496
benchmark.6.err: 17832.56093213941
benchmark.6.best: 18036228.17993164
benchmark.6.worst: 18248672.485351562
geometric-mean: 4893.7417890154
check: pass
