test-count: 4
test.0.spec: batchsize:128;dim:7168;dq:1536;prefill:128;seed:9247
test.0.status: pass
test.1.spec: batchsize:128;dim:7168;dq:1536;prefill:512;seed:2197
test.1.status: pass
test.2.spec: batchsize:128;dim:7168;dq:1536;prefill:1024;seed:9107
test.2.status: pass
test.3.spec: batchsize:128;dim:7168;dq:1536;prefill:2048;seed:5291
test.3.status: pass
check: pass
benchmark-count: 1
benchmark.0.spec: batchsize:128;dim:7168;dq:1536;prefill:6144;seed:5291
benchmark.0.runs: 4
benchmark.0.mean: 2242655.5
benchmark.0.std: 41778.925855826725
benchmark.0.err: 20889.462927913362
benchmark.0.best: 2205779.0
benchmark.0.worst: 2300428.0
geometric-mean: 2242.6555000000003
check: pass
