test-count: 18
test.0.spec: seqlen:32;bs:1;dim:128;hiddendim:128;seed:9371;nomask:true;distribution:normal
test.0.status: pass
test.0.message: Maximum error: 0.0032732486724853516
test.1.spec: seqlen:32;bs:1;dim:128;hiddendim:128;seed:1092;nomask:false;distribution:normal
test.1.status: pass
test.1.message: Maximum error: 0.0027801990509033203
test.2.spec: seqlen:64;bs:2;dim:256;hiddendim:128;seed:2291;nomask:true;distribution:normal
test.2.status: pass
test.2.message: Maximum error: 0.0022847652435302734
test.3.spec: seqlen:64;bs:2;dim:256;hiddendim:128;seed:210284;nomask:false;distribution:normal
test.3.status: pass
test.3.message: Maximum error: 0.0015196800231933594
test.4.spec: seqlen:128;bs:1;dim:768;hiddendim:128;seed:81934;nomask:true;distribution:normal
test.4.status: pass
test.4.message: Maximum error: 0.0015480518341064453
test.5.spec: seqlen:256;bs:1;dim:128;hiddendim:128;seed:1932;nomask:true;distribution:normal
test.5.status: pass
test.5.message: Maximum error: 0.0024733543395996094
test.6.spec: seqlen:256;bs:1;dim:128;hiddendim:128;seed:10432;nomask:false;distribution:normal
test.6.status: pass
test.6.message: Maximum error: 0.002410411834716797
test.7.spec: seqlen:768;bs:2;dim:128;hiddendim:128;seed:731;nomask:true;distribution:normal
test.7.status: pass
test.7.message: Maximum error: 0.0026111602783203125
test.8.spec: seqlen:1024;bs:1;dim:384;hiddendim:128;seed:53121;nomask:false;distribution:normal
test.8.status: pass
test.8.message: Maximum error: 0.0029850006103515625
test.9.spec: seqlen:1024;bs:1;dim:768;hiddendim:128;seed:31;nomask:true;distribution:normal
test.9.status: pass
test.9.message: Maximum error: 0.002565622329711914
test.10.spec: seqlen:1024;bs:1;dim:768;hiddendim:128;seed:4921;nomask:false;distribution:normal
test.10.status: pass
test.10.message: Maximum error: 0.0017033815383911133
test.11.spec: seqlen:32;bs:1;dim:128;hiddendim:128;seed:937321;nomask:true;distribution:cauchy
test.11.status: pass
test.11.message: Maximum error: 0.002069234848022461
test.12.spec: seqlen:64;bs:2;dim:256;hiddendim:128;seed:2291;nomask:true;distribution:cauchy
test.12.status: pass
test.12.message: Maximum error: 0.0025081634521484375
test.13.spec: seqlen:128;bs:1;dim:768;hiddendim:128;seed:8134;nomask:true;distribution:cauchy
test.13.status: pass
test.13.message: Maximum error: 0.0011616945266723633
test.14.spec: seqlen:256;bs:1;dim:128;hiddendim:128;seed:932;nomask:true;distribution:cauchy
test.14.status: pass
test.14.message: Maximum error: 0.0033464431762695312
test.15.spec: seqlen:768;bs:2;dim:128;hiddendim:128;seed:31;nomask:true;distribution:cauchy
test.15.status: pass
test.15.message: Maximum error: 0.0028989315032958984
test.16.spec: seqlen:1024;bs:1;dim:384;hiddendim:128;seed:5321;nomask:false;distribution:cauchy
test.16.status: pass
test.16.message: Maximum error: 0.003129243850708008
test.17.spec: seqlen:1024;bs:1;dim:768;hiddendim:128;seed:491;nomask:false;distribution:cauchy
test.17.status: pass
test.17.message: Maximum error: 0.0015764832496643066
check: pass
benchmark-count: 7
benchmark.0.spec: seqlen:256;bs:2;dim:128;hiddendim:128;seed:9371;nomask:true;distribution:normal
benchmark.0.runs: 100
benchmark.0.mean: 480802.0207285881
benchmark.0.std: 10229.91354551455
benchmark.0.err: 1022.991354551455
benchmark.0.best: 457123.0113506317
benchmark.0.worst: 507035.9706878662
benchmark.1.spec: seqlen:768;bs:1;dim:128;hiddendim:128;seed:381;nomask:true;distribution:cauchy
benchmark.1.runs: 53
benchmark.1.mean: 1717923.6906879353
benchmark.1.std: 28730.344398681784
benchmark.1.err: 3946.416309042989
benchmark.1.best: 1664916.9921875
benchmark.1.worst: 1802391.0522460938
benchmark.2.spec: seqlen:256;bs:2;dim:384;hiddendim:128;seed:2301;nomask:false;distribution:normal
benchmark.2.runs: 100
benchmark.2.mean: 697123.2187747955
benchmark.2.std: 40135.34634099771
benchmark.2.err: 4013.534634099771
benchmark.2.best: 667563.0211830139
benchmark.2.worst: 1061823.010444641
benchmark.3.spec: seqlen:512;bs:1;dim:128;hiddendim:128;seed:12819;nomask:true;distribution:normal
benchmark.3.runs: 100
benchmark.3.mean: 780804.500579834
benchmark.3.std: 21577.095932806424
benchmark.3.err: 2157.7095932806424
benchmark.3.best: 747385.0250244141
benchmark.3.worst: 950689.0177726746
benchmark.4.spec: seqlen:1024;bs:1;dim:128;hiddendim:128;seed:381;nomask:true;distribution:cauchy
benchmark.4.runs: 30
benchmark.4.mean: 3101301.2965520225
benchmark.4.std: 24231.085222143236
benchmark.4.err: 4423.970656332643
benchmark.4.best: 3051440.0005340576
benchmark.4.worst: 3134030.1036834717
benchmark.5.spec: seqlen:768;bs:1;dim:384;hiddendim:128;seed:481;nomask:false;distribution:normal
benchmark.5.runs: 84
benchmark.5.mean: 2942449.7541927155
benchmark.5.std: 26813.151605089744
benchmark.5.err: 2925.5546869202485
benchmark.5.best: 2895565.986633301
benchmark.5.worst: 3054688.9305114746
benchmark.6.spec: seqlen:1024;bs:1;dim:384;hiddendim:128;seed:23291;nomask:true;distribution:normal
benchmark.6.runs: 64
benchmark.6.mean: 5294815.942645073
benchmark.6.std: 42006.335513149395
benchmark.6.err: 5250.791939143674
benchmark.6.best: 5211770.057678223
benchmark.6.worst: 5401925.086975098
geometric-mean: 1552.3491681115188
check: pass
