test-count: 18
test.0.spec: seqlen:32;bs:1;dim:128;hiddendim:128;seed:9371;nomask:true;distribution:normal
test.0.status: pass
test.0.message: Maximum error: 0.0033354759216308594
test.1.spec: seqlen:32;bs:1;dim:128;hiddendim:128;seed:1092;nomask:false;distribution:normal
test.1.status: pass
test.1.message: Maximum error: 0.001992464065551758
test.2.spec: seqlen:64;bs:2;dim:256;hiddendim:128;seed:2291;nomask:true;distribution:normal
test.2.status: pass
test.2.message: Maximum error: 0.0017955303192138672
test.3.spec: seqlen:64;bs:2;dim:256;hiddendim:128;seed:210284;nomask:false;distribution:normal
test.3.status: pass
test.3.message: Maximum error: 0.0026285648345947266
test.4.spec: seqlen:128;bs:1;dim:768;hiddendim:128;seed:81934;nomask:true;distribution:normal
test.4.status: pass
test.4.message: Maximum error: 0.001960158348083496
test.5.spec: seqlen:256;bs:1;dim:128;hiddendim:128;seed:1932;nomask:true;distribution:normal
test.5.status: pass
test.5.message: Maximum error: 0.002656221389770508
test.6.spec: seqlen:256;bs:1;dim:128;hiddendim:128;seed:10432;nomask:false;distribution:normal
test.6.status: pass
test.6.message: Maximum error: 0.002416849136352539
test.7.spec: seqlen:768;bs:2;dim:128;hiddendim:128;seed:731;nomask:true;distribution:normal
test.7.status: pass
test.7.message: Maximum error: 0.0033326148986816406
test.8.spec: seqlen:1024;bs:1;dim:384;hiddendim:128;seed:53121;nomask:false;distribution:normal
test.8.status: pass
test.8.message: Maximum error: 0.0018235445022583008
test.9.spec: seqlen:1024;bs:1;dim:768;hiddendim:128;seed:31;nomask:true;distribution:normal
test.9.status: pass
test.9.message: Maximum error: 0.001465439796447754
test.10.spec: seqlen:1024;bs:1;dim:768;hiddendim:128;seed:4921;nomask:false;distribution:normal
test.10.status: pass
test.10.message: Maximum error: 0.0015486180782318115
test.11.spec: seqlen:32;bs:1;dim:128;hiddendim:128;seed:937321;nomask:true;distribution:cauchy
test.11.status: pass
test.11.message: Maximum error: 0.002648591995239258
test.12.spec: seqlen:64;bs:2;dim:256;hiddendim:128;seed:2291;nomask:true;distribution:cauchy
test.12.status: pass
test.12.message: Maximum error: 0.0022895336151123047
test.13.spec: seqlen:128;bs:1;dim:768;hiddendim:128;seed:8134;nomask:true;distribution:cauchy
test.13.status: pass
test.13.message: Maximum error: 0.0014020204544067383
test.14.spec: seqlen:256;bs:1;dim:128;hiddendim:128;seed:932;nomask:true;distribution:cauchy
test.14.status: pass
test.14.message: Maximum error: 0.002570629119873047
test.15.spec: seqlen:768;bs:2;dim:128;hiddendim:128;seed:31;nomask:true;distribution:cauchy
test.15.status: pass
test.15.message: Maximum error: 0.003787517547607422
test.16.spec: seqlen:1024;bs:1;dim:384;hiddendim:128;seed:5321;nomask:false;distribution:cauchy
test.16.status: pass
test.16.message: Maximum error: 0.0014129877090454102
test.17.spec: seqlen:1024;bs:1;dim:768;hiddendim:128;seed:491;nomask:false;distribution:cauchy
test.17.status: pass
test.17.message: Maximum error: 0.0016821622848510742
check: pass
benchmark-count: 7
benchmark.0.spec: seqlen:256;bs:2;dim:128;hiddendim:128;seed:9371;nomask:true;distribution:normal
benchmark.0.runs: 14
benchmark.0.mean: 1376534.138407026
benchmark.0.std: 4969.579853322197
benchmark.0.err: 1328.1760833818541
benchmark.0.best: 1365955.9488296509
benchmark.0.worst: 1386482.0003509521
benchmark.1.spec: seqlen:768;bs:1;dim:128;hiddendim:128;seed:381;nomask:true;distribution:cauchy
benchmark.1.runs: 47
benchmark.1.mean: 9344920.604786973
benchmark.1.std: 63297.99197851561
benchmark.1.err: 9232.961061779977
benchmark.1.best: 9249095.916748047
benchmark.1.worst: 9576764.106750488
benchmark.2.spec: seqlen:256;bs:2;dim:384;hiddendim:128;seed:2301;nomask:false;distribution:normal
benchmark.2.runs: 100
benchmark.2.mean: 1652878.95321846
benchmark.2.std: 19727.73097910826
benchmark.2.err: 1972.773097910826
benchmark.2.best: 1620615.9591674805
benchmark.2.worst: 1715113.0437850952
benchmark.3.spec: seqlen:512;bs:1;dim:128;hiddendim:128;seed:12819;nomask:true;distribution:normal
benchmark.3.runs: 44
benchmark.3.mean: 3731443.0475234985
benchmark.3.std: 24391.446248508368
benchmark.3.err: 3677.1488772920034
benchmark.3.best: 3689615.01121521
benchmark.3.worst: 3793092.0124053955
benchmark.4.spec: seqlen:1024;bs:1;dim:128;hiddendim:128;seed:381;nomask:true;distribution:cauchy
benchmark.4.runs: 30
benchmark.4.mean: 17363579.495747883
benchmark.4.std: 96497.59576572197
benchmark.4.err: 17617.969981966977
benchmark.4.best: 17181100.845336914
benchmark.4.worst: 17537561.416625977
benchmark.5.spec: seqlen:768;bs:1;dim:384;hiddendim:128;seed:481;nomask:false;distribution:normal
benchmark.5.runs: 13
benchmark.5.mean: 10236193.070044884
benchmark.5.std: 35811.59801447785
benchmark.5.err: 9932.350222884945
benchmark.5.best: 10165780.067443848
benchmark.5.worst: 10292469.97833252
benchmark.6.spec: seqlen:1024;bs:1;dim:384;hiddendim:128;seed:23291;nomask:true;distribution:normal
benchmark.6.runs: 59
benchmark.6.mean: 19351458.888942912
benchmark.6.std: 148066.12012746526
benchmark.6.err: 19276.566932550548
benchmark.6.best: 18987775.802612305
benchmark.6.worst: 19561763.763427734
geometric-mean: 5978.158366139439
check: pass
