test-count: 18
test.0.spec: seqlen:32;bs:1;dim:128;hiddendim:128;seed:9371;nomask:true;distribution:normal
test.0.status: pass
test.0.message: Maximum error: 2.1457672119140625e-06
test.1.spec: seqlen:32;bs:1;dim:128;hiddendim:128;seed:1092;nomask:false;distribution:normal
test.1.status: pass
test.1.message: Maximum error: 2.1457672119140625e-06
test.2.spec: seqlen:64;bs:2;dim:256;hiddendim:128;seed:2291;nomask:true;distribution:normal
test.2.status: pass
test.2.message: Maximum error: 1.6689300537109375e-06
test.3.spec: seqlen:64;bs:2;dim:256;hiddendim:128;seed:210284;nomask:false;distribution:normal
test.3.status: pass
test.3.message: Maximum error: 1.6689300537109375e-06
test.4.spec: seqlen:128;bs:1;dim:768;hiddendim:128;seed:81934;nomask:true;distribution:normal
test.4.status: pass
test.4.message: Maximum error: 2.1457672119140625e-06
test.5.spec: seqlen:256;bs:1;dim:128;hiddendim:128;seed:1932;nomask:true;distribution:normal
test.5.status: pass
test.5.message: Maximum error: 3.0994415283203125e-06
test.6.spec: seqlen:256;bs:1;dim:128;hiddendim:128;seed:10432;nomask:false;distribution:normal
test.6.status: pass
test.6.message: Maximum error: 2.86102294921875e-06
test.7.spec: seqlen:768;bs:2;dim:128;hiddendim:128;seed:731;nomask:true;distribution:normal
test.7.status: pass
test.7.message: Maximum error: 1.1920928955078125e-06
test.8.spec: seqlen:1024;bs:1;dim:384;hiddendim:128;seed:53121;nomask:false;distribution:normal
test.8.status: pass
test.8.message: Maximum error: 1.9073486328125e-06
test.9.spec: seqlen:1024;bs:1;dim:768;hiddendim:128;seed:31;nomask:true;distribution:normal
test.9.status: pass
test.9.message: Maximum error: 1.5497207641601562e-06
test.10.spec: seqlen:1024;bs:1;dim:768;hiddendim:128;seed:4921;nomask:false;distribution:normal
test.10.status: pass
test.10.message: Maximum error: 3.814697265625e-06
test.11.spec: seqlen:32;bs:1;dim:128;hiddendim:128;seed:937321;nomask:true;distribution:cauchy
test.11.status: pass
test.11.message: Maximum error: 1.9073486328125e-06
test.12.spec: seqlen:64;bs:2;dim:256;hiddendim:128;seed:2291;nomask:true;distribution:cauchy
test.12.status: pass
test.12.message: Maximum error: 2.6226043701171875e-06
test.13.spec: seqlen:128;bs:1;dim:768;hiddendim:128;seed:8134;nomask:true;distribution:cauchy
test.13.status: pass
test.13.message: Maximum error: 1.3113021850585938e-06
test.14.spec: seqlen:256;bs:1;dim:128;hiddendim:128;seed:932;nomask:true;distribution:cauchy
test.14.status: pass
test.14.message: Maximum error: 2.1457672119140625e-06
test.15.spec: seqlen:768;bs:2;dim:128;hiddendim:128;seed:31;nomask:true;distribution:cauchy
test.15.status: pass
test.15.message: Maximum error: 1.430511474609375e-06
test.16.spec: seqlen:1024;bs:1;dim:384;hiddendim:128;seed:5321;nomask:false;distribution:cauchy
test.16.status: pass
test.16.message: Maximum error: 1.6689300537109375e-06
test.17.spec: seqlen:1024;bs:1;dim:768;hiddendim:128;seed:491;nomask:false;distribution:cauchy
test.17.status: pass
test.17.message: Maximum error: 1.6689300537109375e-06
check: pass
benchmark-count: 7
benchmark.0.spec: seqlen:256;bs:2;dim:128;hiddendim:128;seed:9371;nomask:true;distribution:normal
benchmark.0.runs: 38
benchmark.0.mean: 2036483.6328908016
benchmark.0.std: 12374.906988792007
benchmark.0.err: 2007.4749980828449
benchmark.0.best: 2009166.955947876
benchmark.0.worst: 2061566.1144256592
benchmark.1.spec: seqlen:768;bs:1;dim:128;hiddendim:128;seed:381;nomask:true;distribution:cauchy
benchmark.1.runs: 59
benchmark.1.mean: 13138030.989695404
benchmark.1.std: 168162.67517911445
benchmark.1.err: 21892.91554919093
benchmark.1.best: 12844234.466552734
benchmark.1.worst: 13419342.041015625
benchmark.2.spec: seqlen:256;bs:2;dim:384;hiddendim:128;seed:2301;nomask:false;distribution:normal
benchmark.2.runs: 61
benchmark.2.mean: 2906465.647650547
benchmark.2.std: 22471.948925912493
benchmark.2.err: 2877.2382264852286
benchmark.2.best: 2865472.0783233643
benchmark.2.worst: 2953994.035720825
benchmark.3.spec: seqlen:512;bs:1;dim:128;hiddendim:128;seed:12819;nomask:true;distribution:normal
benchmark.3.runs: 22
benchmark.3.mean: 5636460.174213756
benchmark.3.std: 25713.906546915663
benchmark.3.err: 5482.223296103641
benchmark.3.best: 5597843.170166016
benchmark.3.worst: 5687447.071075439
benchmark.4.spec: seqlen:1024;bs:1;dim:128;hiddendim:128;seed:381;nomask:true;distribution:cauchy
benchmark.4.runs: 32
benchmark.4.mean: 23877907.156944275
benchmark.4.std: 134338.52199841186
benchmark.4.err: 23747.9199699138
benchmark.4.best: 23706680.297851562
benchmark.4.worst: 24220245.361328125
benchmark.5.spec: seqlen:768;bs:1;dim:384;hiddendim:128;seed:481;nomask:false;distribution:normal
benchmark.5.runs: 3
benchmark.5.mean: 15993147.532145182
benchmark.5.std: 20178.637116418664
benchmark.5.err: 11650.14157104409
benchmark.5.best: 15969934.463500977
benchmark.5.worst: 16006498.336791992
benchmark.6.spec: seqlen:1024;bs:1;dim:384;hiddendim:128;seed:23291;nomask:true;distribution:normal
benchmark.6.runs: 15
benchmark.6.mean: 29486501.693725586
benchmark.6.std: 110975.3398428622
benchmark.6.err: 28653.709536740913
benchmark.6.best: 29272207.260131836
benchmark.6.worst: 29626811.981201172
geometric-mean: 9040.46771227532
check: pass
